[["99997497"]]
[["630500"]]
[["7280088"],["99997497"],[1513.4879349030107]]
[[-55945124888.916016]]
[["17630976"]]
[["6019103"]]
[["2013-07-02"],["2013-07-31"]]
[[2,27,13,45,44,3,62,52,50,28,53,25,61,21,42,16,7,22],["404602","113167","45631","38960","9730","6896","5266","3554","938","836","350","343","158","38","20","7","3","1"]]
[[229,2,208,169,184,158,34,55,107,42],["2845673","1081016","831676","604583","322661","307152","299479","286525","272448","243181"]]
[[229,2,208,169,32,34,184,42,107,51],["2077656","441662","285925","100887","81498","161779","55526","108820","120470","98212"],["18295832","6687587","4261812","3320229","1843518","1792369","1755192","1542717","1516690","1435578"],[1506.085243130785,1479.8386542111527,1285.2593246722286,1465.9073732564832,1538.0376568061718,1548.360152401654,1506.8082967561384,1587.1085208758313,1548.6028970982863,1579.8860354505293],["2845673","1081016","831676","604583","216010","299479","322661","243181","272448","211505"]]
[["iPad","iPhone","A500","N8-00","iPho","ONE TOUCH 6030A","GT-P7300B","3110000","GT-I9500","eagle75"],["1090347","45758","16046","5565","3300","2759","1907","1871","1598","1492"]]
[[1,5,6,7,118,6,26,10,32,13],["iPad","iPad","iPad","iPad","A500","iPhone","iPhone","iPad","iPad","iPad"],["931038","48385","29710","28391","16005","14516","13566","11433","9503","9417"]]
[["карелки","албатрутдин","смотреть онлайн","смотреть онлайн бесплатно","смотреть","мангу в зарабей грама","дружке помещение","galaxy table","экзоидные","сколько мытищи"],["70263","34675","24580","21647","19707","19195","17284","16746","16620","12317"]]
[["карелки","смотреть онлайн","албатрутдин","смотреть онлайн бесплатно","смотреть","экзоидные","мангу в зарабей грама","сколько мытищи","дружке помещение","комбинирование смотреть"],["23673","19747","18394","17553","14603","14529","14198","9007","8792","7572"]]
[[2,2,2,3,2,2,2,2,3,2],["карелки","мангу в зарабей грама","смотреть онлайн","албатрутдин","смотреть онлайн бесплатно","албатрутдин","экзоидные","смотреть","карелки","дружке помещение"],["46258","18871","16905","16748","14909","13716","13414","13108","12815","11946"]]
[["1313338681122956954","1907779576417363396","2305303682471783379","7982623143712728547","6018350421959114808","7280399273658728997","1090981537032625727","5730251990344211405","835157184735512989","770542365400669095"],["29097","25333","10597","7584","6678","6411","6197","6019","5211","4906"]]
[["1313338681122956954","1907779576417363396","2305303682471783379","7982623143712728547","7280399273658728997","1090981537032625727","5730251990344211405","6018350421959114808","835157184735512989","770542365400669095"],["","","","","","","","","",""],["29097","25333","10597","6669","6408","6196","6019","5990","5209","4906"]]
[["4763181406542677","3762749079714784842","5742717625414611048","1232250446672773","2934221607904195718","9022295124610564659","4321431981934412610","567025996552890219","1584008930337394931","892953682769717556"],["эластный олего город 3 кемеро чечневый полись книги","кино-технологде есть","","","","шарарают в пол","","","",""],["1","1","8","10","2","1","2","3","1","2"]]
[["1313338681122956954","1313338681122956954","1313338681122956954","1313338681122956954","1313338681122956954","1313338681122956954","1313338681122956954","1313338681122956954","1313338681122956954","1313338681122956954"],[31,28,29,33,27,32,30,34,26,10],["","","","","","","","","",""],["589","578","572","567","557","554","552","546","540","539"]]
[["435090932899640449","435090932899640449","435090932899640449","435090932899640449"]]
[["15911"]]
[["прокур горбуши","римском качественны for cry","стоит похуден","испанч боб новости дейская","прокур готовки видеоэндоменя","прокур гипоаллеры","камедицинск автомобильних условодки на в крем","универ 11.6/1366x768/4096mb ddressary of thing","вспомню о названы монстэр","купить трудовані резюме мертный дина кабинский лежит заднее устан"],["http://smeshariki.ru/googleTBR%26ad","http:%2F%2Fwwww.googlead&aktional","http://smeshariki.ru/index.ua/doc/22229/googlead%26aktion=2&input_bdsmpeople.ru/real-estate=0&state=2013070519381","http://smeshariki.ru/recipes/show/6840872&trafkey=6d0fc12c54059/loukhaAUXI&where=all&filter/Mitsubishi/google","http://smeshariki.ru/googleTBR%26ad","http://smeshariki.ru/googleTBR%26ad","http://video.yandex.php?com=google.ru/arts/searchAutoSearch","http://smeshariki.ru/index.ua/syllanet.ru/business/hotels.turizm.ru/igooglead%26ar_sliceid%3D1216629/0/&&puid2=15&lo=http","http://tienskaia-moda-zhienskaia-obl.irr.ru/ch/google-c-38208","http://video.yandex.php?com=google.ru/arts/searchAutoSearch"],["60","24","23","21","14","11","9","8","7","7"]]
[["винки медведь смотреть фильмы 2013 смотреть","секретарь оверка все серии порт","винки медведь смотреть фильмы чеческия","игры для дер блич","винки медведь смотреть объятный ветерин","кино 2009) смотреть онлайн бессмерти мк в россипед","винки медведь смотреть","тайны избавитель в владимира для университет масляться","коптимиквиды юриста с роуз рая","винки медведь смотрейлера начальник"],["http://smeshariki.ru/a-folder-4/#page-3.2.1; WOW64; Edition=1&input_action=2011/page_type=profiles/88436/currency","http://kinopoisk.ru/a-albums_scroll_to_auto_id=227&option/vacancies/liver.ru/cgi-bin/click.cgi%3Fsid%3D158197%26ad","http://smeshariki.ru/a-folder-4/#page-3.2.1; WOW64; Edition=1&input_action=2013-topy%2Fproduct_price_ot=&price","http://kinopoisk.ru/a-albums_scroll_to_auto_id=363064472354&lb_id=1559843","http://smeshariki.ru/a-folder-4/#page-3.2.1; WOW64; Edition=1&input_age17/#page/Jeep,Lexus/rodimomu_vsegoddelki.ru/carbuznyj-90472-0-014031818%26height%3D901634571","http://domchelove.ru/#!/search/page","http://smeshariki.ru/a-folder-4/#page-3.2.1; WOW64; Edition=1&input_active/?do=showCampState/renatzija-na-brietielkakh%2F&ti=С","http://smeshariki.ru/a-folder=cars/article=199980150195,0.107736/detail.aspx#location=search?text=asc&maxyear=2001216629%26sob%3D3159&input_who1=1&cid=577&oki=1&op_product_id=25&pvno=2&evlg=VC,2;VL","https://produkty%2Fpulove.ru/booklyattion-war-sinij-9182/women","http://smeshariki.ru/a-folder-4/#page-3.2.1; WOW64; Edition=1&input_active/"],["видеорегионалу Google","@дневники Google Player 1.2.5 л,","видеорегионалу Gooddock hotmail Google на толстовая комфорталенны Berlingo по давлений","Легко на купить автозаврам телась Google Anaissage_599-61 «Оверлок колепный рецепт: Твери","видеорегионалу Google - Доставщиков и актрическая","Далее о коллекции в GIMI LANCIA 0K3Y318104 продать Google, go-go в регистрии — Мой Крым","видеорегионалу Google - модного языке - Пульс","Амитин обувь - Яндекс.Видео+текст песен Google.com","Легко на участные участников., Цены - Стильная парнем. Саганрог догадения : Турции, купить у 10 дне кольные машинки не представки - Новая с избиение спродажа: котята 2014 г.в. Цена: 47500-10ECO060 – -------- купить квартиру Оренбург (России Galantrax Flamiliada Google, Nо 18 фотоконверк Супер Кардиган","видеорегионалу Google - модных Челябинск"],["801","214","138","114","102","90","87","64","45","40"],["600","182","121","106","85","70","56","56","12","35"]]
[["7675678523794456216","6147260061318473746","5972689683963797854","8008688361303225116","7436461208655480623","5564518777317455184","7381524648140977766","8614832219462424183","7168314068394418899","8235569889353442646"],[1,1,1,1,1,0,1,1,1,1],["Glavnaya gorand. Цветные объявлений районе, вером","Glavnaya gorand. Цветные объявлений районе, вером","Glavnaya gorand. Цветные объявлений районе, вером","Скачать онлайн играй! - Туризма - Крымский тренчкоты в интернет магазин Wildberries.ru (Работа - IRR.ru - модных словариумных","Компании Вино в хорошие","«set» в пробег аппах и обслуживатизиров","Ploshchad' stolitsi zwy 110911923, Г официальная Прессы и Огонек","Модель для сумки - регеш (Россия)","по полиция +опытовой рецензии,",""],[1,1,1,1,1,1,1,1,1,1],["2013-07-01 20:01:09","2013-07-01 20:01:29","2013-07-01 20:02:11","2013-07-01 20:12:01","2013-07-01 20:32:24","2013-07-01 20:44:29","2013-07-01 21:01:46","2013-07-01 21:19:23","2013-07-01 21:22:40","2013-07-01 21:22:53"],["2013-07-02","2013-07-02","2013-07-02","2013-07-02","2013-07-02","2013-07-02","2013-07-02","2013-07-02","2013-07-02","2013-07-02"],[64469,64469,64469,63217,35534,5822,63217,3035,35534,35534],[1840073959,1840073959,1840073959,1975817788,1741555497,1920787234,1638850281,2022088895,-1420082055,-1420082055],[2,2,2,229,39,32,59,38,11579,11579],["3714843517822510735","3714843517822510735","3714843517822510735","804133623150786791","7082047337377160280","3712346975274085073","1564939829982760596","2590751384199385434","4822773326251181180","4822773326251181180"],[0,0,0,1,0,1,1,1,0,0],[44,44,44,44,44,2,44,2,2,2],[5,5,5,7,5,3,5,88,7,7],["http://e96.ru/search/page.googleTBR%26ad%3D0%26rnd%3D158197%26anbietersburg","http://e96.ru/search/page.googleTBR%26ad%3D0%26rnd%3D158197%26anbietersburg","http://e96.ru/search/page.googleTBR%26ad%3D0%26rnd%3D158197%26anbietersburg","http://bjdswaps.google-photo","http://rsdn.ru/catalog/cifrovye-advertisement=little&category=22&input_bdsmpeople.ru/index,google.ru/news/39826","http://auto_gruppy/christikha/hotel=-1&trafkey=605&from=&power_name=Платья&produkty%2Furl.google.ru/index","http://bjdleaksbrand=bpc bonprix%2F12.02&he=1024&location=pm;f=inbox;pmsg_1733/page.google","http://smeshariki.ru/googleTBR%26ar_ntype=citykurortmag","http:%2F%2Fsapozhki-advertime-2/#page.google/dodge","http:%2F%2Fsapozhki-advertime-2/#page.google/dodge"],["http://bdsmpeople.ru/obrazom_position/?page","http://bdsmpeople.ru/obrazom_position/?page","http://bdsmpeople.ru/obrazom_position/?page","http://loveche.html?ctid","http://kalina?block/?inst_the_book.php?cPath=40_57470493958402/","http://rmnt.ru/cars/passenger/hellardous/42/~37/?suggest&id=3869551753&custom=0&undefined/undefined/under=28036,5;362;108;16762643539","http://loveplanet.ru/url?sa=t&rct","http://holodilnik.ru/GameMain.aspx?color=0&choos&source=web&cd","http://saint-peters-total=меньше 100007&text=b.akhua_deckaya-look/time-2/#page=3&oprnd=6817922197946&ei=JtHTUYWRCqXA&bvm=bv.49784469,d.ZWU&cad=rjt&fu=0&type_id=172&msid=1&marka=88&text=krasnaia-moda",""],[0,0,0,0,0,0,0,0,0,0],[13593,13593,13593,12409,10634,8563,12409,10271,14550,0],[158,158,158,20,20,21482,20,158,952,0],[13606,13606,13606,10093,0,9822,10093,13384,8565,8565],[216,216,216,22,0,18528,22,216,375,375],[1638,1638,1638,1749,1996,1638,1996,1917,1304,1304],[1658,1658,1658,867,1781,1658,1666,879,978,978],[22,22,22,23,37,23,37,37,37,37],[15,15,15,15,15,15,15,15,15,15],[7,7,7,3,7,7,7,7,4,4],["700","700","700","700.224","700","700","700","700","700.224","700.224"],[0,0,0,0,0,0,0,0,2,2],[0,0,0,0,0,0,0,0,7,7],[22,22,22,15,22,16,22,1,13,13],["nA","D�","D�","D�","D�","D�","D�","D�","D�","D�"],[1,1,1,1,1,1,1,1,1,1],[1,1,1,1,1,1,1,1,1,1],[0,0,0,0,0,0,0,0,0,0],[0,0,0,0,0,0,0,0,0,0],["","","","","","","","","",""],["","","","","","","","","",""],[4005373,4005373,4005373,3056753,808950,207348,2059788,3991944,2675432,2675432],[-1,-1,-1,-1,5,-1,-1,-1,3,0],[0,0,0,0,0,0,0,0,3,0],["","","","","","","","","dave kino 2013 года в ростопримеча",""],[0,0,0,0,0,0,0,0,0,0],[0,0,0,0,0,0,0,0,0,1],[1052,1052,1052,1608,1261,1509,1261,746,1972,1972],[775,775,775,662,1017,733,1206,464,778,778],[135,135,135,135,433,135,433,322,135,135],["2013-07-02 10:20:22","2013-07-02 10:20:42","2013-07-02 10:21:16","2013-07-02 06:19:55","2013-07-02 19:03:12","2013-07-02 07:33:12","2013-07-02 10:04:38","2013-07-02 08:44:30","2013-07-01 21:05:07","2013-07-01 21:05:22"],[0,0,0,4,4,4,0,0,4,4],[0,0,0,1,1,1,0,0,1,1],[0,0,0,16561,16561,15738,0,0,16561,16561],[0,0,0,0,0,0,0,0,0,0],["windows","windows","windows","windows","windows-1251;charset","windows-1251;charset","windows","windows-1251;charset","windows","windows"],[1601,1601,1601,1,1601,1,1,1,1601,1601],[0,0,0,0,1,0,0,0,0,0],[0,0,0,0,0,0,0,0,0,0],[0,0,0,0,0,0,0,0,0,1],["0","0","0","5347008031302181363","6804199628189316872","8007561756096276896","0","7607749204513951316","6494516778257365839","6494516778257365839"],["","","","","","","","","",""],[213893614,810892658,47015096,766531830,626511463,1034507462,827020970,427646581,393719418,393719418],[0,0,0,0,0,0,0,0,0,0],[0,0,0,0,0,0,0,0,0,0],[0,0,0,0,0,0,0,0,0,0],[0,0,0,0,1,0,0,0,0,1],[0,0,0,0,0,0,0,0,0,0],["6","6","6","5","5","5","5","5","5","5"],["2013-07-02 11:58:11","2013-07-02 11:58:25","2013-07-02 11:58:50","2013-07-02 12:00:25","2013-07-02 02:35:42","2013-07-02 10:03:56","2013-07-02 18:53:56","2013-07-01 23:19:17","2013-07-02 16:28:10","2013-07-02 16:28:24"],[0,0,0,31,31,0,0,50,31,31],[0,0,0,1,2,0,0,2,2,2],[0,0,0,3,3,0,0,3,2,2],[0,0,0,11237,694,0,0,0,14851,14851],[0,0,0,31,57,0,0,30,1,1],[1412515749,1412515749,1412515749,1870660671,1448806868,2016848722,2001459352,1146019198,-1016483843,-1016483843],[63522,63522,63522,-1,-1,-1,-1,-1,61823,61823],[-1,-1,-1,-1,-1,-1,-1,-1,-1,-1],[12,13,13,-1,-1,-1,-1,-1,1,2],["S0","S0","S0","E3","E3","S0","S0","S0","S0","S0"],["�\f","�\f","h1","_i","_i","h1","�\f","�\f","�\f","�\f"],["","","","","","","","","",""],["","","","","","","","","",""],[0,0,0,0,0,0,0,0,0,0],[0,0,0,0,0,0,0,0,0,318],[0,0,0,0,0,0,0,0,0,0],[0,0,0,0,3,0,0,0,0,0],[445,0,0,0,345,0,0,0,0,0],[1234,16,0,0,147,0,0,0,0,0],[0,0,0,0,239,0,0,0,0,0],[0,0,0,0,0,0,0,0,0,0],["","","","","","","","","",""],["0","0","0","0","0","0","0","0","0","0"],["","","","","","","","","",""],["NH\u001c","NH\u001c","NH\u001c","NH\u001c","NH\u001c","NH\u001c","NH\u001c","NH\u001c","NH\u001c","NH\u001c"],[0,0,0,0,0,0,0,0,0,0],["","","","","","","","","",""],["","","","","","","","","",""],["","","","","","","","","",""],["","","","","","","","","",""],["","","","","","","","","",""],["","","","","","","","","",""],["","","","","","","","","",""],["","","","","","","","","",""],["","","","","","","","","",""],["","","","","","","","","",""],[0,0,0,0,0,0,0,0,0,0],["5972490271588207794","5972490271588207794","5972490271588207794","-2736470446903004689","8931346360692564721","7820066807630413322","1384301141639030267","1157471009075867478","-4470345086215748575","-296158784638538920"],["1369713899219085694","1369713899219085694","1369713899219085694","7116991598850737408","1971436513446935197","-3258566084785303139","9047048983006699504","1000799766482180932","-5322637665780806659","-5322637665780806659"],[0,0,0,0,0,0,0,0,0,0]]
[["фильм небольшой бизнеса североятно","ночно китая женщины","симптомы регистратов","galaxy s4 zoom фильм","слон.руб., д. а.л. конфигурды по оргатства мультет","расписание мультиварка для","компьютерапии серия нарий","скачать читалию в духовке","отдыха чем прокат","авом констеть ребенка краево"]]
[[" береж"," за русский стил видео какой"," завод тандалищные прода"," заочное по земли в обрезни и метро"," заочное сад цены нарощения музыка визу"," зве"," земные огурцы раб"," золотой сайт samsung"," прав"," светы женске 2 сезон"]]
[["galaxy s4 zoom фильм","ночно китая женщины","симптомы регистратов","фильм небольшой бизнеса североятно","авом констеть ребенка краево","анапа оперевянные волшебную","брита ганам котлы на шерлок","компьютерапии серия нарий","отдыха чем прокат","расписание мультиварка для"]]
[[233773,245438,122612,234004,1634,786,114157,515,256004,95427,199550,220992,196239,62,96948,188878,249603,3922,191697,97467,186300,146891,38,230962,77639],[469.14923754578723,271.7841243964889,238.63801917567594,204.27746585100144,197.83080416670535,186.7507135271472,142.91444863406159,126.22595247333346,125.36714011543154,120.2657237661165,109.81266990405194,105.85395075756044,98.34849844624749,93.15621079726343,92.74209592191733,91.98110564811313,91.87807188863495,87.83657514674738,86.95676378104345,84.2939822226288,83.97100407321064,77.77413321966806,76.43665636016307,76.30301436565952,75.38479530321585],["2938865","2510103","3574007","238660","323229","120528","216408","146907","858171","374306","7115413","494614","163797","738150","396093","311998","120325","8527069","124664","131178","802561","605286","507770","169223","253961"]]
[["1","http:%2F%2Fwwww.regnancies/search&evL8gE&where=all&filmId=bEmYZc_WTDE","http://новострашная","http://loveche.html?ctid","http://rukodeliveresult","http://smeshariki.ru","http://holodilnik.ru","http:%2F%2Fviewtopic","http:%2F%2FviewType","http:%2F%2Fwwww.ukr","http://state=2008"],[85.52230192644134,69,31,24,23,20,20,20,19,19,17],["66284655","207347","731499","144901","226135","210736","133893","391115","148907","655178","139630"],["http://%26ad%3D1%25EA%25D0%26utm_source=web&cd=19590&input_onlist/би-2 место будущей кондицин","http:%2F%2Fwwww.regnancies/search&evL8gE&where=all&filmId=bEmYZc_WTDE","http://новострашная","http://loveche.html?ctid","http://rukodeliveresult","http://smeshariki.ru","http://holodilnik.ru","http:%2F%2Fviewtopic","http:%2F%2FviewType","http:%2F%2Fwwww.ukr","http://state=2008"]]
[["151345005230"],["151445002727"],["151545000224"],["151644997721"],["151744995218"],["151844992715"],["151944990212"],["152044987709"],["152144985206"],["152244982703"],["152344980200"],["152444977697"],["152544975194"],["152644972691"],["152744970188"],["152844967685"],["152944965182"],["153044962679"],["153144960176"],["153244957673"],["153344955170"],["153444952667"],["153544950164"],["153644947661"],["153744945158"],["153844942655"],["153944940152"],["154044937649"],["154144935146"],["154244932643"],["154344930140"],["154444927637"],["154544925134"],["154644922631"],["154744920128"],["154844917625"],["154944915122"],["155044912619"],["155144910116"],["155244907613"],["155344905110"],["155444902607"],["155544900104"],["155644897601"],["155744895098"],["155844892595"],["155944890092"],["156044887589"],["156144885086"],["156244882583"],["156344880080"],["156444877577"],["156544875074"],["156644872571"],["156744870068"],["156844867565"],["156944865062"],["157044862559"],["157144860056"],["157244857553"],["157344855050"],["157444852547"],["157544850044"],["157644847541"],["157744845038"],["157844842535"],["157944840032"],["158044837529"],["158144835026"],["158244832523"],["158344830020"],["158444827517"],["158544825014"],["158644822511"],["158744820008"],["158844817505"],["158944815002"],["159044812499"],["159144809996"],["159244807493"],["159344804990"],["159444802487"],["159544799984"],["159644797481"],["159744794978"],["159844792475"],["159944789972"],["160044787469"],["160144784966"],["160244782463"]]
[[2,2,2,2,2,2,2,2,2,2],[1138507705,1740861572,-807147100,-497906719,-1945757555,-1870623097,-631062503,-465813166,-1743596151,-265917476],["1633","1331","1144","1140","1105","1102","1083","1082","1080","1058"],["35","28","35","36","30","31","31","30","24","32"],[1408.0122473974282,1577.945905334335,1553.1984265734266,1543.4140350877192,1557.387330316742,1555.6588021778584,1581.8171745152354,1541.253234750462,1559.8092592592593,1556.2003780718337]]
[["6170924179692870413","5769570387413648826","6667503745146437762","4641624936791036586","8008431149359128615","5714411852894712355","5305498592897745178","5364115572003536419","6157965042570459491","5406601857928252255"],[-643591159,1676003992,1281437876,1545793891,1493928711,1599996846,1964715655,2116081711,1601338712,1991467764],["1","1","1","1","1","1","1","1","1","1"],["0","0","0","0","0","0","0","1","0","0"],[1996,1368,1368,2038,1368,1638,1087,1750,1087,1750]]
[["8566928176839891583","6655575552203051303","7224410078130478461","7904046282518428963","5761361738312310429","8035555071048609389","4714673509151820320","6022473066210512891","8746749439337282130","7952740642786414667"],[-1402644643,1611957945,-776509581,1509330109,2040139672,806773887,858247075,-2017856257,1100326304,-1786510413],["2","2","2","2","1","1","1","1","1","1"],["0","0","0","0","0","0","1","0","0","0"],[1368,1638,1368,1368,1368,1750,1638,1589,1996,1917]]
[["http://liver.ru/belgorod/page/1006.jки/доп_приборы","http://kinopoisk.ru","http://bdsm_po_yers=0&with_video","http://video.yandex","http://smeshariki.ru/region","http://auto_fiat_dlya-bluzki%2F8536.30.18&he=900&with","http://liver.ru/place_rukodel=365115eb7bbb90","http://kinopoisk.ru/vladimir.irr.ru","http://video.yandex.ru/search/?jenre=50&s_yers","http://tienskaia-moda"],["3288173","1625250","791465","582400","514984","507995","359893","354690","318979","289355"]]
[[1,1,1,1,1,1,1,1,1,1],["http://liver.ru/belgorod/page/1006.jки/доп_приборы","http://kinopoisk.ru","http://bdsm_po_yers=0&with_video","http://video.yandex","http://smeshariki.ru/region","http://auto_fiat_dlya-bluzki%2F8536.30.18&he=900&with","http://liver.ru/place_rukodel=365115eb7bbb90","http://kinopoisk.ru/vladimir.irr.ru","http://video.yandex.ru/search/?jenre=50&s_yers","http://tienskaia-moda"],["3288173","1625250","791465","582400","514984","507995","359893","354690","318979","289355"]]
[[-39921974,-1698104457,-1175819552,1696638182,1138507705,-927025522,-1262139876,1740861572,-807147100,-631062503],["-39921975","-1698104458","-1175819553","1696638181","1138507704","-927025523","-1262139877","1740861571","-807147101","-631062504"],["-39921976","-1698104459","-1175819554","1696638180","1138507703","-927025524","-1262139878","1740861570","-807147102","-631062505"],["-39921977","-1698104460","-1175819555","1696638179","1138507702","-927025525","-1262139879","1740861569","-807147103","-631062506"],["47008","29121","25333","20220","15778","12768","11348","11314","9880","9718"]]
[["http://irr.ru/index.php?showalbum/login-leniya7777294,938303130","http://komme%2F27.0.1453.116","http://irr.ru/index.php?showalbum/login-kapusta-advert2668]=0&order_by=0","http://irr.ru/index.php?showalbum/login-kapustic/product_name","http://irr.ru/index.php","http://irr.ru/index.php?showalbum/login","http://komme%2F27.0.1453.116 Safari%2F5.0 (compatible; MSIE 9.0;","http://irr.ru/index.php?showalbum/login-kupalnik","http://irr.ru/index.php?showalbum/login-kapusta-advert27256.html_params","http://komme%2F27.0.1453.116 Safari"],["102341","51218","18315","16461","12577","10880","7627","4369","4058","3021"]]
[["Тест (Россия) - Яндекс","Шарарай), Выбрать! - обсуждаются на голд: Шоубиз - Свободная историс","Приморск - IRR.ru","Брюки New Era H (Асус) 258 общая выплаток, горшечными","Теплоску на","Dave and Hotpoint sport – самые вещие","AUTO.ria.ua ™ - Аппер","Приморск (Россия) - Яндекс.Видео","OWAProfessign), продать","Труси - Шоубиз"],["122407","82935","80958","39098","23123","14329","14053","13912","10919","10157"]]
[["http://taker.irr.ru%2Fkategoriya","http://irr.ru/GameMain.aspx#location","http://stalker-pub-20087898675494,960948/#page_type%3D260117152337&spn=1395,94735694845552/page%3D0%26rleurl%3D%26xpid%3D0%26nid%3D278885%26bt%3D43%26bid%3D43%26bn","http://ssl.hurra.com/novokuznet.ru","http://pogoda.yandex.ru%252fmedia Center_er&photo=0&is","http://maps#ru_5_ru_22106.37766/men.aspx#location/topic.php?razdnuyu-komnatalog/27017339/0/&&puid2=24142","http://slon.ru/kater.ru/real-estate/compu.ru/~книги/РЛС/Пенточек&where","http://kinopoisk.ru/saint-peter%3DNewslette","http://saint-petersburg.irr.ru/news","http://irr.ru/cgi-bin/click.cgi%3Fsob"],["2","2","2","2","2","2","2","2","2","2"]]
[[-1,-1,-1,-1,-1,0,1,-1,-1,-1],[0,0,0,0,0,0,0,0,0,0],[0,0,0,0,0,0,0,0,0,0],["http://state=19945206/foto-4/loginsk.eu/ru/Pagesize=13&m1=07","http://state=19945206/foto-4/login=instructions[0][1520][]=","http://state=19945206/foto-4/login=new&cad=rjt&fu=0&input_country_id=228&lr=961&lr=10002&isw=300x250;690;56000090","http://state=19945206/foto-4/login-2491724/?bundlers/search?text","http://state=19945206/foto-4/login-2491724/?bundlers/search?text","","http://mysw.info/node/215455&text","http://state=19945206/foto-4/login-2491724/?bundlers/search?text","http://state=19945206/foto-4/login-nashinger/users/search?textilead&353%26ev_pl%3Dhttp://vk.com/jobs-education=Descen","http://state=19945206/foto-4/login.1Uv1UfqCA8SonYC4BQ&usg=AFQjCNGB3pBUuKY1jJPP34DYBA"],["http://irr.ru/index.php?showalbum/login-3muda/truction/vacancies/750207190765.html?1=1&cid=577&oki=1&op_uid=19519","http://irr.ru/index.php?showalbum/login-yakutsk.irr.ru/catalog=on&input_age10","http://irr.ru/index.php?showalbum/login-cam.shtml#objdesc=true&uA=Mozilla","http://irr.ru/index.php?showalbum/login-kapusta-advert2651734&pt=b&pd=7&pw=1&pr=7100 (GMT-1-6-MT","http://irr.ru/index.php?showalbum/login-kapusta-advert26761,55.654289600/details/?category_id=96844","http://komme%2F2.10","http://irr.ru/index.php?showalbum/logabass.ru/cation&op_category_id=&auto","http://irr.ru/index.php?showalbum/login-kapusta-advert27265484158197%26width%3D728%26height%3D43","http://irr.ru/index.php?showalbum/login-leniya7777294,938303130","http://irr.ru/index.php?showalbum/login-tank-sale/search%3Fmode=&page_type"],["15","15","15","15","15","15","15","15","15","15"]]
[["7199155066341437901","5520570504648279068","-8505838588544217213","2512899255762264913","-6025761452198030778","-6048157399675510565","-3611962581960090019","9013370825190178404","1045132364006275583","2854320824527031829"],["2013-07-15","2013-07-15","2013-07-15","2013-07-15","2013-07-15","2013-07-15","2013-07-15","2013-07-15","2013-07-15","2013-07-15"],["27","27","26","26","25","25","25","24","24","24"]]
[[1637,1284,1533,1423,1285,1487,1921,593,1996,746],[578,679,821,963,727,913,742,847,784,264],["1","1","1","1","1","1","1","1","1","1"]]
[["2013-07-15 12:40:00","2013-07-15 12:41:00","2013-07-15 12:42:00","2013-07-15 12:43:00","2013-07-15 12:44:00","2013-07-15 12:45:00","2013-07-15 12:46:00","2013-07-15 12:47:00","2013-07-15 12:48:00","2013-07-15 12:49:00"],["513","457","470","468","453","462","481","458","466","467"]]
